// Jest Snapshot v1, https://goo.gl/fbAQLP

exports[`<Feature /> renders the <Feature /> with populated data 1`] = `
<div
  class="feature__Container-sc-6swrp6-0 isjLws"
>
  <h1
    class="feature__Title-sc-6swrp6-1 biQKvD"
  >
    Unlimited films, TV programmes and more.
  </h1>
  <h2
    class="feature__SubTitle-sc-6swrp6-2 ezZeoY"
  >
    Watch anywhere. cancel at any time.
  </h2>
</div>
`;
