// Jest Snapshot v1, https://goo.gl/fbAQLP

exports[`<Profiles /> renders the <Profiles /> with populated data 1`] = `
<div
  class="profiles__Container-bxtkkv-0 lfIDZX"
>
  <h1
    class="profiles__Title-bxtkkv-1 kjBRZT"
  >
    Who's watching?
  </h1>
  <ul
    class="profiles__List-bxtkkv-2 iCNnxQ"
  >
    <li
      class="profiles__Item-bxtkkv-5 hunHIq"
    >
      <img
        class="profiles__Picture-bxtkkv-4 gqRDnr"
        data-testid="profile-picture"
        src="/images/users//images/karl.png.png"
      />
      <p
        class="profiles__Name-bxtkkv-3 CaEMo"
      >
        Karl
      </p>
    </li>
  </ul>
</div>
`;
